// Jest Snapshot v1, https://goo.gl/fbAQLP

exports[`Table works 1`] = `
Object {
  "ActionCell": [Function],
  "Body": [Function],
  "Cell": [Function],
  "CreateRow": [Function],
  "CreateRowCell": [Function],
  "Header": [Function],
  "HeaderCell": [Function],
  "Row": [Function],
  "Table": [Function],
}
`;
